     1                                  bits 32 
     2                                  
     3                                  global start
     4                                  
     5                                  extern exit
     6                                  
     7                                  import exit msvcrt.dll
     8                                   
     9                                  segment data use32 class = data
    10                                      
    11 00000000 11                          var1 db 11h
    12 00000001 22                          .a db 22h
    13 00000002 3300                        .b dw 33h
    14 00000004 44000000                    .c dd 44h
    15 00000008 34120000                    var2 dd 1234h
    16 0000000C 13                          .a db 13h
    17 0000000D 120023004500                tablou dw 12h, 23h, 45h
    18 00000013 56006700                           dw 56h, 67h
    19 00000017 1700000096580000                   dd 17h, 5896h
    20                                      
    21                                  segment code use32 class = code
    22                                  start: 
    23 00000000 FF35[04000000]              push dword [var1.c]
    24 00000006 FF35[08000000]              push dword [var2]
    25                                      
    26 0000000C FF15[00000000]              call [exit]
    27                                  
    28                                  
